input=1368 done=0 quarantined=0 todo=1368 batch=50 tierA=18forms/88pos
batch 1: units 1-50
  0_07174_00: ok (attempts=2)
  0_07174_01: ok (attempts=1, fixes={"al_kasra":0,"taa_sukun_strip":1})
  0_07175_00: ok (attempts=2, fixes={"letter_restore":2,"al_kasra":0,"taa_sukun_strip":1})
  0_07175_01: failed (attempts=4, fixes={"letter_restore":1})
  0_07179_00: ok (attempts=3, fixes={"al_kasra":0,"taa_sukun_strip":2})
  0_07179_01: ok (attempts=1, fixes={"al_kasra":0,"taa_sukun_strip":2})
Failed to make API request: Error: API request failed with status 429: {"error":"Too many requests, please try again later"}
    at ZAI.createChatCompletion (file:///home/z/.bun/install/global/node_modules/z-ai-web-dev-sdk/dist/index.js:103:23)
    at process.processTicksAndRejections (node:internal/process/task_queues:104:5)
    at async callLLM (file:///home/z/my-project/scripts/ph3_engine.mjs:231:26)
    at async tashkeelSingle (file:///home/z/my-project/scripts/ph3_engine.mjs:295:23)
    at async main (file:///home/z/my-project/scripts/ph3_engine.mjs:389:41)
    [429] waiting 3s before retry 2/5
Failed to make API request: Error: API request failed with status 429: {"error":"Too many requests, please try again later"}
    at ZAI.createChatCompletion (file:///home/z/.bun/install/global/node_modules/z-ai-web-dev-sdk/dist/index.js:103:23)
    at process.processTicksAndRejections (node:internal/process/task_queues:104:5)
    at async callLLM (file:///home/z/my-project/scripts/ph3_engine.mjs:231:26)
    at async tashkeelSingle (file:///home/z/my-project/scripts/ph3_engine.mjs:295:23)
    at async main (file:///home/z/my-project/scripts/ph3_engine.mjs:389:41)
    [429] waiting 6s before retry 3/5
Failed to make API request: Error: API request failed with status 429: {"error":"Too many requests, please try again later"}
    at ZAI.createChatCompletion (file:///home/z/.bun/install/global/node_modules/z-ai-web-dev-sdk/dist/index.js:103:23)
    at process.processTicksAndRejections (node:internal/process/task_queues:104:5)
    at async callLLM (file:///home/z/my-project/scripts/ph3_engine.mjs:231:26)
    at async tashkeelSingle (file:///home/z/my-project/scripts/ph3_engine.mjs:295:23)
    at async main (file:///home/z/my-project/scripts/ph3_engine.mjs:389:41)
    [429] waiting 12s before retry 4/5
Failed to make API request: Error: API request failed with status 429: {"error":"Too many requests, please try again later"}
    at ZAI.createChatCompletion (file:///home/z/.bun/install/global/node_modules/z-ai-web-dev-sdk/dist/index.js:103:23)
    at process.processTicksAndRejections (node:internal/process/task_queues:104:5)
    at async callLLM (file:///home/z/my-project/scripts/ph3_engine.mjs:231:26)
    at async tashkeelSingle (file:///home/z/my-project/scripts/ph3_engine.mjs:295:23)
    at async main (file:///home/z/my-project/scripts/ph3_engine.mjs:389:41)
    [429] waiting 24s before retry 5/5
Failed to make API request: Error: API request failed with status 429: {"error":"Too many requests, please try again later"}
    at ZAI.createChatCompletion (file:///home/z/.bun/install/global/node_modules/z-ai-web-dev-sdk/dist/index.js:103:23)
    at process.processTicksAndRejections (node:internal/process/task_queues:104:5)
    at async callLLM (file:///home/z/my-project/scripts/ph3_engine.mjs:231:26)
    at async tashkeelSingle (file:///home/z/my-project/scripts/ph3_engine.mjs:295:23)
    at async main (file:///home/z/my-project/scripts/ph3_engine.mjs:389:41)
Failed to make API request: Error: API request failed with status 429: {"error":"Too many requests, please try again later"}
    at ZAI.createChatCompletion (file:///home/z/.bun/install/global/node_modules/z-ai-web-dev-sdk/dist/index.js:103:23)
    at process.processTicksAndRejections (node:internal/process/task_queues:104:5)
    at async callLLM (file:///home/z/my-project/scripts/ph3_engine.mjs:231:26)
    at async tashkeelSingle (file:///home/z/my-project/scripts/ph3_engine.mjs:295:23)
    at async main (file:///home/z/my-project/scripts/ph3_engine.mjs:389:41)
    [429] waiting 3s before retry 2/5
Failed to make API request: Error: API request failed with status 429: {"error":"Too many requests, please try again later"}
    at ZAI.createChatCompletion (file:///home/z/.bun/install/global/node_modules/z-ai-web-dev-sdk/dist/index.js:103:23)
    at process.processTicksAndRejections (node:internal/process/task_queues:104:5)
    at async callLLM (file:///home/z/my-project/scripts/ph3_engine.mjs:231:26)
    at async tashkeelSingle (file:///home/z/my-project/scripts/ph3_engine.mjs:295:23)
    at async main (file:///home/z/my-project/scripts/ph3_engine.mjs:389:41)
    [429] waiting 6s before retry 3/5
Failed to make API request: Error: API request failed with status 429: {"error":"Too many requests, please try again later"}
    at ZAI.createChatCompletion (file:///home/z/.bun/install/global/node_modules/z-ai-web-dev-sdk/dist/index.js:103:23)
    at process.processTicksAndRejections (node:internal/process/task_queues:104:5)
    at async callLLM (file:///home/z/my-project/scripts/ph3_engine.mjs:231:26)
    at async tashkeelSingle (file:///home/z/my-project/scripts/ph3_engine.mjs:295:23)
    at async main (file:///home/z/my-project/scripts/ph3_engine.mjs:389:41)
    [429] waiting 12s before retry 4/5
Failed to make API request: Error: API request failed with status 429: {"error":"Too many requests, please try again later"}
    at ZAI.createChatCompletion (file:///home/z/.bun/install/global/node_modules/z-ai-web-dev-sdk/dist/index.js:103:23)
    at process.processTicksAndRejections (node:internal/process/task_queues:104:5)
    at async callLLM (file:///home/z/my-project/scripts/ph3_engine.mjs:231:26)
    at async tashkeelSingle (file:///home/z/my-project/scripts/ph3_engine.mjs:295:23)
    at async main (file:///home/z/my-project/scripts/ph3_engine.mjs:389:41)
    [429] waiting 24s before retry 5/5
Failed to make API request: Error: API request failed with status 429: {"error":"Too many requests, please try again later"}
    at ZAI.createChatCompletion (file:///home/z/.bun/install/global/node_modules/z-ai-web-dev-sdk/dist/index.js:103:23)
    at process.processTicksAndRejections (node:internal/process/task_queues:104:5)
    at async callLLM (file:///home/z/my-project/scripts/ph3_engine.mjs:231:26)
    at async tashkeelSingle (file:///home/z/my-project/scripts/ph3_engine.mjs:295:23)
    at async main (file:///home/z/my-project/scripts/ph3_engine.mjs:389:41)
  0_07179_02: failed (attempts=4)
Failed to make API request: Error: API request failed with status 429: {"error":"Too many requests, please try again later"}
    at ZAI.createChatCompletion (file:///home/z/.bun/install/global/node_modules/z-ai-web-dev-sdk/dist/index.js:103:23)
    at process.processTicksAndRejections (node:internal/process/task_queues:104:5)
    at async callLLM (file:///home/z/my-project/scripts/ph3_engine.mjs:231:26)
    at async tashkeelSingle (file:///home/z/my-project/scripts/ph3_engine.mjs:295:23)
    at async main (file:///home/z/my-project/scripts/ph3_engine.mjs:389:41)
    [429] waiting 3s before retry 2/5
Failed to make API request: Error: API request failed with status 429: {"error":"Too many requests, please try again later"}
    at ZAI.createChatCompletion (file:///home/z/.bun/install/global/node_modules/z-ai-web-dev-sdk/dist/index.js:103:23)
    at process.processTicksAndRejections (node:internal/process/task_queues:104:5)
    at async callLLM (file:///home/z/my-project/scripts/ph3_engine.mjs:231:26)
    at async tashkeelSingle (file:///home/z/my-project/scripts/ph3_engine.mjs:295:23)
    at async main (file:///home/z/my-project/scripts/ph3_engine.mjs:389:41)
    [429] waiting 6s before retry 3/5
Failed to make API request: Error: API request failed with status 429: {"error":"Too many requests, please try again later"}
    at ZAI.createChatCompletion (file:///home/z/.bun/install/global/node_modules/z-ai-web-dev-sdk/dist/index.js:103:23)
    at process.processTicksAndRejections (node:internal/process/task_queues:104:5)
    at async callLLM (file:///home/z/my-project/scripts/ph3_engine.mjs:231:26)
    at async tashkeelSingle (file:///home/z/my-project/scripts/ph3_engine.mjs:295:23)
    at async main (file:///home/z/my-project/scripts/ph3_engine.mjs:389:41)
    [429] waiting 12s before retry 4/5
Failed to make API request: Error: API request failed with status 429: {"error":"Too many requests, please try again later"}
    at ZAI.createChatCompletion (file:///home/z/.bun/install/global/node_modules/z-ai-web-dev-sdk/dist/index.js:103:23)
    at process.processTicksAndRejections (node:internal/process/task_queues:104:5)
    at async callLLM (file:///home/z/my-project/scripts/ph3_engine.mjs:231:26)
    at async tashkeelSingle (file:///home/z/my-project/scripts/ph3_engine.mjs:295:23)
    at async main (file:///home/z/my-project/scripts/ph3_engine.mjs:389:41)
    [429] waiting 24s before retry 5/5
Failed to make API request: Error: API request failed with status 429: {"error":"Too many requests, please try again later"}
    at ZAI.createChatCompletion (file:///home/z/.bun/install/global/node_modules/z-ai-web-dev-sdk/dist/index.js:103:23)
    at process.processTicksAndRejections (node:internal/process/task_queues:104:5)
    at async callLLM (file:///home/z/my-project/scripts/ph3_engine.mjs:231:26)
    at async tashkeelSingle (file:///home/z/my-project/scripts/ph3_engine.mjs:295:23)
    at async main (file:///home/z/my-project/scripts/ph3_engine.mjs:389:41)
Failed to make API request: Error: API request failed with status 429: {"error":"Too many requests, please try again later"}
    at ZAI.createChatCompletion (file:///home/z/.bun/install/global/node_modules/z-ai-web-dev-sdk/dist/index.js:103:23)
    at process.processTicksAndRejections (node:internal/process/task_queues:104:5)
    at async callLLM (file:///home/z/my-project/scripts/ph3_engine.mjs:231:26)
    at async tashkeelSingle (file:///home/z/my-project/scripts/ph3_engine.mjs:295:23)
    at async main (file:///home/z/my-project/scripts/ph3_engine.mjs:389:41)
    [429] waiting 3s before retry 2/5
input=1368 done=7 quarantined=0 todo=1361 batch=50 tierA=18forms/88pos
batch 1: units 1-50
Failed to make API request: Error: API request failed with status 429: {"error":"Too many requests, please try again later"}
    at ZAI.createChatCompletion (file:///home/z/.bun/install/global/node_modules/z-ai-web-dev-sdk/dist/index.js:103:23)
    at process.processTicksAndRejections (node:internal/process/task_queues:104:5)
    at async callLLM (file:///home/z/my-project/scripts/ph3_engine.mjs:231:26)
    at async tashkeelBatch (file:///home/z/my-project/scripts/ph3_engine.mjs:277:30)
    at async main (file:///home/z/my-project/scripts/ph3_engine.mjs:356:34)
    [429] waiting 3s before retry 2/5
Failed to make API request: Error: API request failed with status 429: {"error":"Too many requests, please try again later"}
    at ZAI.createChatCompletion (file:///home/z/.bun/install/global/node_modules/z-ai-web-dev-sdk/dist/index.js:103:23)
    at process.processTicksAndRejections (node:internal/process/task_queues:104:5)
    at async callLLM (file:///home/z/my-project/scripts/ph3_engine.mjs:231:26)
    at async tashkeelBatch (file:///home/z/my-project/scripts/ph3_engine.mjs:277:30)
    at async main (file:///home/z/my-project/scripts/ph3_engine.mjs:356:34)
    [429] waiting 6s before retry 3/5
input=1368 done=7 quarantined=0 todo=1361 batch=50 tierA=18forms/88pos
batch 1: units 1-50
Failed to make API request: Error: API request failed with status 429: {"error":"Too many requests, please try again later"}
    at ZAI.createChatCompletion (file:///home/z/.bun/install/global/node_modules/z-ai-web-dev-sdk/dist/index.js:103:23)
    at process.processTicksAndRejections (node:internal/process/task_queues:104:5)
    at async callLLM (file:///home/z/my-project/scripts/ph3_engine.mjs:231:26)
    at async tashkeelBatch (file:///home/z/my-project/scripts/ph3_engine.mjs:277:30)
    at async main (file:///home/z/my-project/scripts/ph3_engine.mjs:356:34)
    [429] waiting 3s before retry 2/5
Failed to make API request: Error: API request failed with status 429: {"error":"Too many requests, please try again later"}
    at ZAI.createChatCompletion (file:///home/z/.bun/install/global/node_modules/z-ai-web-dev-sdk/dist/index.js:103:23)
    at process.processTicksAndRejections (node:internal/process/task_queues:104:5)
    at async callLLM (file:///home/z/my-project/scripts/ph3_engine.mjs:231:26)
    at async tashkeelBatch (file:///home/z/my-project/scripts/ph3_engine.mjs:277:30)
    at async main (file:///home/z/my-project/scripts/ph3_engine.mjs:356:34)
    [429] waiting 6s before retry 3/5
Failed to make API request: Error: API request failed with status 429: {"error":"Too many requests, please try again later"}
    at ZAI.createChatCompletion (file:///home/z/.bun/install/global/node_modules/z-ai-web-dev-sdk/dist/index.js:103:23)
    at process.processTicksAndRejections (node:internal/process/task_queues:104:5)
    at async callLLM (file:///home/z/my-project/scripts/ph3_engine.mjs:231:26)
    at async tashkeelBatch (file:///home/z/my-project/scripts/ph3_engine.mjs:277:30)
    at async main (file:///home/z/my-project/scripts/ph3_engine.mjs:356:34)
    [429] waiting 12s before retry 4/5
Failed to make API request: Error: API request failed with status 429: {"error":"Too many requests, please try again later"}
    at ZAI.createChatCompletion (file:///home/z/.bun/install/global/node_modules/z-ai-web-dev-sdk/dist/index.js:103:23)
    at process.processTicksAndRejections (node:internal/process/task_queues:104:5)
    at async callLLM (file:///home/z/my-project/scripts/ph3_engine.mjs:231:26)
    at async tashkeelBatch (file:///home/z/my-project/scripts/ph3_engine.mjs:277:30)
    at async main (file:///home/z/my-project/scripts/ph3_engine.mjs:356:34)
    [429] waiting 24s before retry 5/5
Failed to make API request: Error: API request failed with status 429: {"error":"Too many requests, please try again later"}
    at ZAI.createChatCompletion (file:///home/z/.bun/install/global/node_modules/z-ai-web-dev-sdk/dist/index.js:103:23)
    at process.processTicksAndRejections (node:internal/process/task_queues:104:5)
    at async callLLM (file:///home/z/my-project/scripts/ph3_engine.mjs:231:26)
    at async tashkeelBatch (file:///home/z/my-project/scripts/ph3_engine.mjs:277:30)
    at async main (file:///home/z/my-project/scripts/ph3_engine.mjs:356:34)
  batch-level parse failure: API request failed with status 429: {"error":"Too many requests, please try again later"} -> per-item fallback
Failed to make API request: Error: API request failed with status 429: {"error":"Too many requests, please try again later"}
    at ZAI.createChatCompletion (file:///home/z/.bun/install/global/node_modules/z-ai-web-dev-sdk/dist/index.js:103:23)
    at process.processTicksAndRejections (node:internal/process/task_queues:104:5)
    at async callLLM (file:///home/z/my-project/scripts/ph3_engine.mjs:231:26)
    at async tashkeelSingle (file:///home/z/my-project/scripts/ph3_engine.mjs:295:23)
    at async main (file:///home/z/my-project/scripts/ph3_engine.mjs:389:41)
    [429] waiting 3s before retry 2/5
Failed to make API request: Error: API request failed with status 429: {"error":"Too many requests, please try again later"}
    at ZAI.createChatCompletion (file:///home/z/.bun/install/global/node_modules/z-ai-web-dev-sdk/dist/index.js:103:23)
    at process.processTicksAndRejections (node:internal/process/task_queues:104:5)
    at async callLLM (file:///home/z/my-project/scripts/ph3_engine.mjs:231:26)
    at async tashkeelSingle (file:///home/z/my-project/scripts/ph3_engine.mjs:295:23)
    at async main (file:///home/z/my-project/scripts/ph3_engine.mjs:389:41)
    [429] waiting 6s before retry 3/5
Failed to make API request: Error: API request failed with status 429: {"error":"Too many requests, please try again later"}
    at ZAI.createChatCompletion (file:///home/z/.bun/install/global/node_modules/z-ai-web-dev-sdk/dist/index.js:103:23)
    at process.processTicksAndRejections (node:internal/process/task_queues:104:5)
    at async callLLM (file:///home/z/my-project/scripts/ph3_engine.mjs:231:26)
    at async tashkeelSingle (file:///home/z/my-project/scripts/ph3_engine.mjs:295:23)
    at async main (file:///home/z/my-project/scripts/ph3_engine.mjs:389:41)
    [429] waiting 12s before retry 4/5
Failed to make API request: Error: API request failed with status 429: {"error":"Too many requests, please try again later"}
    at ZAI.createChatCompletion (file:///home/z/.bun/install/global/node_modules/z-ai-web-dev-sdk/dist/index.js:103:23)
    at process.processTicksAndRejections (node:internal/process/task_queues:104:5)
    at async callLLM (file:///home/z/my-project/scripts/ph3_engine.mjs:231:26)
    at async tashkeelSingle (file:///home/z/my-project/scripts/ph3_engine.mjs:295:23)
    at async main (file:///home/z/my-project/scripts/ph3_engine.mjs:389:41)
    [429] waiting 24s before retry 5/5
Failed to make API request: Error: API request failed with status 429: {"error":"Too many requests, please try again later"}
    at ZAI.createChatCompletion (file:///home/z/.bun/install/global/node_modules/z-ai-web-dev-sdk/dist/index.js:103:23)
    at process.processTicksAndRejections (node:internal/process/task_queues:104:5)
    at async callLLM (file:///home/z/my-project/scripts/ph3_engine.mjs:231:26)
    at async tashkeelSingle (file:///home/z/my-project/scripts/ph3_engine.mjs:295:23)
    at async main (file:///home/z/my-project/scripts/ph3_engine.mjs:389:41)
Failed to make API request: Error: API request failed with status 429: {"error":"Too many requests, please try again later"}
    at ZAI.createChatCompletion (file:///home/z/.bun/install/global/node_modules/z-ai-web-dev-sdk/dist/index.js:103:23)
    at process.processTicksAndRejections (node:internal/process/task_queues:104:5)
    at async callLLM (file:///home/z/my-project/scripts/ph3_engine.mjs:231:26)
    at async tashkeelSingle (file:///home/z/my-project/scripts/ph3_engine.mjs:295:23)
    at async main (file:///home/z/my-project/scripts/ph3_engine.mjs:389:41)
    [429] waiting 3s before retry 2/5
Failed to make API request: Error: API request failed with status 429: {"error":"Too many requests, please try again later"}
    at ZAI.createChatCompletion (file:///home/z/.bun/install/global/node_modules/z-ai-web-dev-sdk/dist/index.js:103:23)
    at process.processTicksAndRejections (node:internal/process/task_queues:104:5)
    at async callLLM (file:///home/z/my-project/scripts/ph3_engine.mjs:231:26)
    at async tashkeelSingle (file:///home/z/my-project/scripts/ph3_engine.mjs:295:23)
    at async main (file:///home/z/my-project/scripts/ph3_engine.mjs:389:41)
    [429] waiting 6s before retry 3/5
Failed to make API request: Error: API request failed with status 429: {"error":"Too many requests, please try again later"}
    at ZAI.createChatCompletion (file:///home/z/.bun/install/global/node_modules/z-ai-web-dev-sdk/dist/index.js:103:23)
    at process.processTicksAndRejections (node:internal/process/task_queues:104:5)
    at async callLLM (file:///home/z/my-project/scripts/ph3_engine.mjs:231:26)
    at async tashkeelSingle (file:///home/z/my-project/scripts/ph3_engine.mjs:295:23)
    at async main (file:///home/z/my-project/scripts/ph3_engine.mjs:389:41)
    [429] waiting 12s before retry 4/5
Failed to make API request: Error: API request failed with status 429: {"error":"Too many requests, please try again later"}
    at ZAI.createChatCompletion (file:///home/z/.bun/install/global/node_modules/z-ai-web-dev-sdk/dist/index.js:103:23)
    at process.processTicksAndRejections (node:internal/process/task_queues:104:5)
    at async callLLM (file:///home/z/my-project/scripts/ph3_engine.mjs:231:26)
    at async tashkeelSingle (file:///home/z/my-project/scripts/ph3_engine.mjs:295:23)
    at async main (file:///home/z/my-project/scripts/ph3_engine.mjs:389:41)
    [429] waiting 24s before retry 5/5
Failed to make API request: Error: API request failed with status 429: {"error":"Too many requests, please try again later"}
    at ZAI.createChatCompletion (file:///home/z/.bun/install/global/node_modules/z-ai-web-dev-sdk/dist/index.js:103:23)
    at process.processTicksAndRejections (node:internal/process/task_queues:104:5)
    at async callLLM (file:///home/z/my-project/scripts/ph3_engine.mjs:231:26)
    at async tashkeelSingle (file:///home/z/my-project/scripts/ph3_engine.mjs:295:23)
    at async main (file:///home/z/my-project/scripts/ph3_engine.mjs:389:41)
Failed to make API request: Error: API request failed with status 429: {"error":"Too many requests, please try again later"}
    at ZAI.createChatCompletion (file:///home/z/.bun/install/global/node_modules/z-ai-web-dev-sdk/dist/index.js:103:23)
    at process.processTicksAndRejections (node:internal/process/task_queues:104:5)
    at async callLLM (file:///home/z/my-project/scripts/ph3_engine.mjs:231:26)
    at async tashkeelSingle (file:///home/z/my-project/scripts/ph3_engine.mjs:295:23)
    at async main (file:///home/z/my-project/scripts/ph3_engine.mjs:389:41)
    [429] waiting 3s before retry 2/5
Failed to make API request: Error: API request failed with status 429: {"error":"Too many requests, please try again later"}
    at ZAI.createChatCompletion (file:///home/z/.bun/install/global/node_modules/z-ai-web-dev-sdk/dist/index.js:103:23)
    at process.processTicksAndRejections (node:internal/process/task_queues:104:5)
    at async callLLM (file:///home/z/my-project/scripts/ph3_engine.mjs:231:26)
    at async tashkeelSingle (file:///home/z/my-project/scripts/ph3_engine.mjs:295:23)
    at async main (file:///home/z/my-project/scripts/ph3_engine.mjs:389:41)
    [429] waiting 6s before retry 3/5
Failed to make API request: Error: API request failed with status 429: {"error":"Too many requests, please try again later"}
    at ZAI.createChatCompletion (file:///home/z/.bun/install/global/node_modules/z-ai-web-dev-sdk/dist/index.js:103:23)
    at process.processTicksAndRejections (node:internal/process/task_queues:104:5)
    at async callLLM (file:///home/z/my-project/scripts/ph3_engine.mjs:231:26)
    at async tashkeelSingle (file:///home/z/my-project/scripts/ph3_engine.mjs:295:23)
    at async main (file:///home/z/my-project/scripts/ph3_engine.mjs:389:41)
    [429] waiting 12s before retry 4/5
Failed to make API request: Error: API request failed with status 429: {"error":"Too many requests, please try again later"}
    at ZAI.createChatCompletion (file:///home/z/.bun/install/global/node_modules/z-ai-web-dev-sdk/dist/index.js:103:23)
    at process.processTicksAndRejections (node:internal/process/task_queues:104:5)
    at async callLLM (file:///home/z/my-project/scripts/ph3_engine.mjs:231:26)
    at async tashkeelSingle (file:///home/z/my-project/scripts/ph3_engine.mjs:295:23)
    at async main (file:///home/z/my-project/scripts/ph3_engine.mjs:389:41)
    [429] waiting 24s before retry 5/5
Failed to make API request: Error: API request failed with status 429: {"error":"Too many requests, please try again later"}
    at ZAI.createChatCompletion (file:///home/z/.bun/install/global/node_modules/z-ai-web-dev-sdk/dist/index.js:103:23)
    at process.processTicksAndRejections (node:internal/process/task_queues:104:5)
    at async callLLM (file:///home/z/my-project/scripts/ph3_engine.mjs:231:26)
    at async tashkeelSingle (file:///home/z/my-project/scripts/ph3_engine.mjs:295:23)
    at async main (file:///home/z/my-project/scripts/ph3_engine.mjs:389:41)
Failed to make API request: Error: API request failed with status 429: {"error":"Too many requests, please try again later"}
    at ZAI.createChatCompletion (file:///home/z/.bun/install/global/node_modules/z-ai-web-dev-sdk/dist/index.js:103:23)
    at process.processTicksAndRejections (node:internal/process/task_queues:104:5)
    at async callLLM (file:///home/z/my-project/scripts/ph3_engine.mjs:231:26)
    at async tashkeelSingle (file:///home/z/my-project/scripts/ph3_engine.mjs:295:23)
    at async main (file:///home/z/my-project/scripts/ph3_engine.mjs:389:41)
    [429] waiting 3s before retry 2/5
Failed to make API request: Error: API request failed with status 429: {"error":"Too many requests, please try again later"}
    at ZAI.createChatCompletion (file:///home/z/.bun/install/global/node_modules/z-ai-web-dev-sdk/dist/index.js:103:23)
    at process.processTicksAndRejections (node:internal/process/task_queues:104:5)
    at async callLLM (file:///home/z/my-project/scripts/ph3_engine.mjs:231:26)
    at async tashkeelSingle (file:///home/z/my-project/scripts/ph3_engine.mjs:295:23)
    at async main (file:///home/z/my-project/scripts/ph3_engine.mjs:389:41)
    [429] waiting 6s before retry 3/5
Failed to make API request: Error: API request failed with status 429: {"error":"Too many requests, please try again later"}
    at ZAI.createChatCompletion (file:///home/z/.bun/install/global/node_modules/z-ai-web-dev-sdk/dist/index.js:103:23)
    at process.processTicksAndRejections (node:internal/process/task_queues:104:5)
    at async callLLM (file:///home/z/my-project/scripts/ph3_engine.mjs:231:26)
    at async tashkeelSingle (file:///home/z/my-project/scripts/ph3_engine.mjs:295:23)
    at async main (file:///home/z/my-project/scripts/ph3_engine.mjs:389:41)
    [429] waiting 12s before retry 4/5
Failed to make API request: Error: API request failed with status 429: {"error":"Too many requests, please try again later"}
    at ZAI.createChatCompletion (file:///home/z/.bun/install/global/node_modules/z-ai-web-dev-sdk/dist/index.js:103:23)
    at process.processTicksAndRejections (node:internal/process/task_queues:104:5)
    at async callLLM (file:///home/z/my-project/scripts/ph3_engine.mjs:231:26)
    at async tashkeelSingle (file:///home/z/my-project/scripts/ph3_engine.mjs:295:23)
    at async main (file:///home/z/my-project/scripts/ph3_engine.mjs:389:41)
    [429] waiting 24s before retry 5/5
Failed to make API request: Error: API request failed with status 429: {"error":"Too many requests, please try again later"}
    at ZAI.createChatCompletion (file:///home/z/.bun/install/global/node_modules/z-ai-web-dev-sdk/dist/index.js:103:23)
    at process.processTicksAndRejections (node:internal/process/task_queues:104:5)
    at async callLLM (file:///home/z/my-project/scripts/ph3_engine.mjs:231:26)
    at async tashkeelSingle (file:///home/z/my-project/scripts/ph3_engine.mjs:295:23)
    at async main (file:///home/z/my-project/scripts/ph3_engine.mjs:389:41)
  0_07179_03: failed (attempts=4)
Failed to make API request: Error: API request failed with status 429: {"error":"Too many requests, please try again later"}
    at ZAI.createChatCompletion (file:///home/z/.bun/install/global/node_modules/z-ai-web-dev-sdk/dist/index.js:103:23)
    at process.processTicksAndRejections (node:internal/process/task_queues:104:5)
    at async callLLM (file:///home/z/my-project/scripts/ph3_engine.mjs:231:26)
    at async tashkeelSingle (file:///home/z/my-project/scripts/ph3_engine.mjs:295:23)
    at async main (file:///home/z/my-project/scripts/ph3_engine.mjs:389:41)
    [429] waiting 3s before retry 2/5
Failed to make API request: Error: API request failed with status 429: {"error":"Too many requests, please try again later"}
    at ZAI.createChatCompletion (file:///home/z/.bun/install/global/node_modules/z-ai-web-dev-sdk/dist/index.js:103:23)
    at process.processTicksAndRejections (node:internal/process/task_queues:104:5)
    at async callLLM (file:///home/z/my-project/scripts/ph3_engine.mjs:231:26)
    at async tashkeelSingle (file:///home/z/my-project/scripts/ph3_engine.mjs:295:23)
    at async main (file:///home/z/my-project/scripts/ph3_engine.mjs:389:41)
    [429] waiting 6s before retry 3/5
Failed to make API request: Error: API request failed with status 429: {"error":"Too many requests, please try again later"}
    at ZAI.createChatCompletion (file:///home/z/.bun/install/global/node_modules/z-ai-web-dev-sdk/dist/index.js:103:23)
    at process.processTicksAndRejections (node:internal/process/task_queues:104:5)
    at async callLLM (file:///home/z/my-project/scripts/ph3_engine.mjs:231:26)
    at async tashkeelSingle (file:///home/z/my-project/scripts/ph3_engine.mjs:295:23)
    at async main (file:///home/z/my-project/scripts/ph3_engine.mjs:389:41)
    [429] waiting 12s before retry 4/5
Failed to make API request: Error: API request failed with status 429: {"error":"Too many requests, please try again later"}
    at ZAI.createChatCompletion (file:///home/z/.bun/install/global/node_modules/z-ai-web-dev-sdk/dist/index.js:103:23)
    at process.processTicksAndRejections (node:internal/process/task_queues:104:5)
    at async callLLM (file:///home/z/my-project/scripts/ph3_engine.mjs:231:26)
    at async tashkeelSingle (file:///home/z/my-project/scripts/ph3_engine.mjs:295:23)
    at async main (file:///home/z/my-project/scripts/ph3_engine.mjs:389:41)
    [429] waiting 24s before retry 5/5
Failed to make API request: Error: API request failed with status 429: {"error":"Too many requests, please try again later"}
    at ZAI.createChatCompletion (file:///home/z/.bun/install/global/node_modules/z-ai-web-dev-sdk/dist/index.js:103:23)
    at process.processTicksAndRejections (node:internal/process/task_queues:104:5)
    at async callLLM (file:///home/z/my-project/scripts/ph3_engine.mjs:231:26)
    at async tashkeelSingle (file:///home/z/my-project/scripts/ph3_engine.mjs:295:23)
    at async main (file:///home/z/my-project/scripts/ph3_engine.mjs:389:41)
Failed to make API request: Error: API request failed with status 429: {"error":"Too many requests, please try again later"}
    at ZAI.createChatCompletion (file:///home/z/.bun/install/global/node_modules/z-ai-web-dev-sdk/dist/index.js:103:23)
    at process.processTicksAndRejections (node:internal/process/task_queues:104:5)
    at async callLLM (file:///home/z/my-project/scripts/ph3_engine.mjs:231:26)
    at async tashkeelSingle (file:///home/z/my-project/scripts/ph3_engine.mjs:295:23)
    at async main (file:///home/z/my-project/scripts/ph3_engine.mjs:389:41)
    [429] waiting 3s before retry 2/5
Failed to make API request: Error: API request failed with status 429: {"error":"Too many requests, please try again later"}
    at ZAI.createChatCompletion (file:///home/z/.bun/install/global/node_modules/z-ai-web-dev-sdk/dist/index.js:103:23)
    at process.processTicksAndRejections (node:internal/process/task_queues:104:5)
    at async callLLM (file:///home/z/my-project/scripts/ph3_engine.mjs:231:26)
    at async tashkeelSingle (file:///home/z/my-project/scripts/ph3_engine.mjs:295:23)
    at async main (file:///home/z/my-project/scripts/ph3_engine.mjs:389:41)
    [429] waiting 6s before retry 3/5
Failed to make API request: Error: API request failed with status 429: {"error":"Too many requests, please try again later"}
    at ZAI.createChatCompletion (file:///home/z/.bun/install/global/node_modules/z-ai-web-dev-sdk/dist/index.js:103:23)
    at process.processTicksAndRejections (node:internal/process/task_queues:104:5)
    at async callLLM (file:///home/z/my-project/scripts/ph3_engine.mjs:231:26)
    at async tashkeelSingle (file:///home/z/my-project/scripts/ph3_engine.mjs:295:23)
    at async main (file:///home/z/my-project/scripts/ph3_engine.mjs:389:41)
    [429] waiting 12s before retry 4/5
Failed to make API request: Error: API request failed with status 429: {"error":"Too many requests, please try again later"}
    at ZAI.createChatCompletion (file:///home/z/.bun/install/global/node_modules/z-ai-web-dev-sdk/dist/index.js:103:23)
    at process.processTicksAndRejections (node:internal/process/task_queues:104:5)
    at async callLLM (file:///home/z/my-project/scripts/ph3_engine.mjs:231:26)
    at async tashkeelSingle (file:///home/z/my-project/scripts/ph3_engine.mjs:295:23)
    at async main (file:///home/z/my-project/scripts/ph3_engine.mjs:389:41)
    [429] waiting 24s before retry 5/5
Failed to make API request: Error: API request failed with status 429: {"error":"Too many requests, please try again later"}
    at ZAI.createChatCompletion (file:///home/z/.bun/install/global/node_modules/z-ai-web-dev-sdk/dist/index.js:103:23)
    at process.processTicksAndRejections (node:internal/process/task_queues:104:5)
    at async callLLM (file:///home/z/my-project/scripts/ph3_engine.mjs:231:26)
    at async tashkeelSingle (file:///home/z/my-project/scripts/ph3_engine.mjs:295:23)
    at async main (file:///home/z/my-project/scripts/ph3_engine.mjs:389:41)
Failed to make API request: Error: API request failed with status 429: {"error":"Too many requests, please try again later"}
    at ZAI.createChatCompletion (file:///home/z/.bun/install/global/node_modules/z-ai-web-dev-sdk/dist/index.js:103:23)
    at process.processTicksAndRejections (node:internal/process/task_queues:104:5)
    at async callLLM (file:///home/z/my-project/scripts/ph3_engine.mjs:231:26)
    at async tashkeelSingle (file:///home/z/my-project/scripts/ph3_engine.mjs:295:23)
    at async main (file:///home/z/my-project/scripts/ph3_engine.mjs:389:41)
    [429] waiting 3s before retry 2/5
Failed to make API request: Error: API request failed with status 429: {"error":"Too many requests, please try again later"}
    at ZAI.createChatCompletion (file:///home/z/.bun/install/global/node_modules/z-ai-web-dev-sdk/dist/index.js:103:23)
    at process.processTicksAndRejections (node:internal/process/task_queues:104:5)
    at async callLLM (file:///home/z/my-project/scripts/ph3_engine.mjs:231:26)
    at async tashkeelSingle (file:///home/z/my-project/scripts/ph3_engine.mjs:295:23)
    at async main (file:///home/z/my-project/scripts/ph3_engine.mjs:389:41)
    [429] waiting 6s before retry 3/5
Failed to make API request: Error: API request failed with status 429: {"error":"Too many requests, please try again later"}
    at ZAI.createChatCompletion (file:///home/z/.bun/install/global/node_modules/z-ai-web-dev-sdk/dist/index.js:103:23)
    at process.processTicksAndRejections (node:internal/process/task_queues:104:5)
    at async callLLM (file:///home/z/my-project/scripts/ph3_engine.mjs:231:26)
    at async tashkeelSingle (file:///home/z/my-project/scripts/ph3_engine.mjs:295:23)
    at async main (file:///home/z/my-project/scripts/ph3_engine.mjs:389:41)
    [429] waiting 12s before retry 4/5
  0_07180_00: failed (attempts=4, fixes={"punct_unswap":1})
Failed to make API request: Error: API request failed with status 429: {"error":"Too many requests, please try again later"}
    at ZAI.createChatCompletion (file:///home/z/.bun/install/global/node_modules/z-ai-web-dev-sdk/dist/index.js:103:23)
    at process.processTicksAndRejections (node:internal/process/task_queues:104:5)
    at async callLLM (file:///home/z/my-project/scripts/ph3_engine.mjs:231:26)
    at async tashkeelSingle (file:///home/z/my-project/scripts/ph3_engine.mjs:295:23)
    at async main (file:///home/z/my-project/scripts/ph3_engine.mjs:389:41)
    [429] waiting 3s before retry 2/5
Failed to make API request: Error: API request failed with status 429: {"error":"Too many requests, please try again later"}
    at ZAI.createChatCompletion (file:///home/z/.bun/install/global/node_modules/z-ai-web-dev-sdk/dist/index.js:103:23)
    at process.processTicksAndRejections (node:internal/process/task_queues:104:5)
    at async callLLM (file:///home/z/my-project/scripts/ph3_engine.mjs:231:26)
    at async tashkeelSingle (file:///home/z/my-project/scripts/ph3_engine.mjs:295:23)
    at async main (file:///home/z/my-project/scripts/ph3_engine.mjs:389:41)
    [429] waiting 3s before retry 2/5
Failed to make API request: Error: API request failed with status 429: {"error":"Too many requests, please try again later"}
    at ZAI.createChatCompletion (file:///home/z/.bun/install/global/node_modules/z-ai-web-dev-sdk/dist/index.js:103:23)
    at process.processTicksAndRejections (node:internal/process/task_queues:104:5)
    at async callLLM (file:///home/z/my-project/scripts/ph3_engine.mjs:231:26)
    at async tashkeelSingle (file:///home/z/my-project/scripts/ph3_engine.mjs:295:23)
    at async main (file:///home/z/my-project/scripts/ph3_engine.mjs:389:41)
    [429] waiting 6s before retry 3/5
Failed to make API request: Error: API request failed with status 429: {"error":"Too many requests, please try again later"}
    at ZAI.createChatCompletion (file:///home/z/.bun/install/global/node_modules/z-ai-web-dev-sdk/dist/index.js:103:23)
    at process.processTicksAndRejections (node:internal/process/task_queues:104:5)
    at async callLLM (file:///home/z/my-project/scripts/ph3_engine.mjs:231:26)
    at async tashkeelSingle (file:///home/z/my-project/scripts/ph3_engine.mjs:295:23)
    at async main (file:///home/z/my-project/scripts/ph3_engine.mjs:389:41)
    [429] waiting 12s before retry 4/5
Failed to make API request: Error: API request failed with status 429: {"error":"Too many requests, please try again later"}
    at ZAI.createChatCompletion (file:///home/z/.bun/install/global/node_modules/z-ai-web-dev-sdk/dist/index.js:103:23)
    at process.processTicksAndRejections (node:internal/process/task_queues:104:5)
    at async callLLM (file:///home/z/my-project/scripts/ph3_engine.mjs:231:26)
    at async tashkeelSingle (file:///home/z/my-project/scripts/ph3_engine.mjs:295:23)
    at async main (file:///home/z/my-project/scripts/ph3_engine.mjs:389:41)
    [429] waiting 24s before retry 5/5
Failed to make API request: Error: API request failed with status 429: {"error":"Too many requests, please try again later"}
    at ZAI.createChatCompletion (file:///home/z/.bun/install/global/node_modules/z-ai-web-dev-sdk/dist/index.js:103:23)
    at process.processTicksAndRejections (node:internal/process/task_queues:104:5)
    at async callLLM (file:///home/z/my-project/scripts/ph3_engine.mjs:231:26)
    at async tashkeelSingle (file:///home/z/my-project/scripts/ph3_engine.mjs:295:23)
    at async main (file:///home/z/my-project/scripts/ph3_engine.mjs:389:41)
Failed to make API request: Error: API request failed with status 429: {"error":"Too many requests, please try again later"}
    at ZAI.createChatCompletion (file:///home/z/.bun/install/global/node_modules/z-ai-web-dev-sdk/dist/index.js:103:23)
    at process.processTicksAndRejections (node:internal/process/task_queues:104:5)
    at async callLLM (file:///home/z/my-project/scripts/ph3_engine.mjs:231:26)
    at async tashkeelSingle (file:///home/z/my-project/scripts/ph3_engine.mjs:295:23)
    at async main (file:///home/z/my-project/scripts/ph3_engine.mjs:389:41)
    [429] waiting 3s before retry 2/5
Failed to make API request: Error: API request failed with status 429: {"error":"Too many requests, please try again later"}
    at ZAI.createChatCompletion (file:///home/z/.bun/install/global/node_modules/z-ai-web-dev-sdk/dist/index.js:103:23)
    at process.processTicksAndRejections (node:internal/process/task_queues:104:5)
    at async callLLM (file:///home/z/my-project/scripts/ph3_engine.mjs:231:26)
    at async tashkeelSingle (file:///home/z/my-project/scripts/ph3_engine.mjs:295:23)
    at async main (file:///home/z/my-project/scripts/ph3_engine.mjs:389:41)
    [429] waiting 6s before retry 3/5
Failed to make API request: Error: API request failed with status 429: {"error":"Too many requests, please try again later"}
    at ZAI.createChatCompletion (file:///home/z/.bun/install/global/node_modules/z-ai-web-dev-sdk/dist/index.js:103:23)
    at process.processTicksAndRejections (node:internal/process/task_queues:104:5)
    at async callLLM (file:///home/z/my-project/scripts/ph3_engine.mjs:231:26)
    at async tashkeelSingle (file:///home/z/my-project/scripts/ph3_engine.mjs:295:23)
    at async main (file:///home/z/my-project/scripts/ph3_engine.mjs:389:41)
    [429] waiting 12s before retry 4/5
Failed to make API request: Error: API request failed with status 429: {"error":"Too many requests, please try again later"}
    at ZAI.createChatCompletion (file:///home/z/.bun/install/global/node_modules/z-ai-web-dev-sdk/dist/index.js:103:23)
    at process.processTicksAndRejections (node:internal/process/task_queues:104:5)
    at async callLLM (file:///home/z/my-project/scripts/ph3_engine.mjs:231:26)
    at async tashkeelSingle (file:///home/z/my-project/scripts/ph3_engine.mjs:295:23)
    at async main (file:///home/z/my-project/scripts/ph3_engine.mjs:389:41)
    [429] waiting 24s before retry 5/5
Failed to make API request: Error: API request failed with status 429: {"error":"Too many requests, please try again later"}
    at ZAI.createChatCompletion (file:///home/z/.bun/install/global/node_modules/z-ai-web-dev-sdk/dist/index.js:103:23)
    at process.processTicksAndRejections (node:internal/process/task_queues:104:5)
    at async callLLM (file:///home/z/my-project/scripts/ph3_engine.mjs:231:26)
    at async tashkeelSingle (file:///home/z/my-project/scripts/ph3_engine.mjs:295:23)
    at async main (file:///home/z/my-project/scripts/ph3_engine.mjs:389:41)
Failed to make API request: Error: API request failed with status 429: {"error":"Too many requests, please try again later"}
    at ZAI.createChatCompletion (file:///home/z/.bun/install/global/node_modules/z-ai-web-dev-sdk/dist/index.js:103:23)
    at process.processTicksAndRejections (node:internal/process/task_queues:104:5)
    at async callLLM (file:///home/z/my-project/scripts/ph3_engine.mjs:231:26)
    at async tashkeelSingle (file:///home/z/my-project/scripts/ph3_engine.mjs:295:23)
    at async main (file:///home/z/my-project/scripts/ph3_engine.mjs:389:41)
    [429] waiting 3s before retry 2/5
Failed to make API request: Error: API request failed with status 429: {"error":"Too many requests, please try again later"}
    at ZAI.createChatCompletion (file:///home/z/.bun/install/global/node_modules/z-ai-web-dev-sdk/dist/index.js:103:23)
    at process.processTicksAndRejections (node:internal/process/task_queues:104:5)
    at async callLLM (file:///home/z/my-project/scripts/ph3_engine.mjs:231:26)
    at async tashkeelSingle (file:///home/z/my-project/scripts/ph3_engine.mjs:295:23)
    at async main (file:///home/z/my-project/scripts/ph3_engine.mjs:389:41)
    [429] waiting 6s before retry 3/5
Failed to make API request: Error: API request failed with status 429: {"error":"Too many requests, please try again later"}
    at ZAI.createChatCompletion (file:///home/z/.bun/install/global/node_modules/z-ai-web-dev-sdk/dist/index.js:103:23)
    at process.processTicksAndRejections (node:internal/process/task_queues:104:5)
    at async callLLM (file:///home/z/my-project/scripts/ph3_engine.mjs:231:26)
    at async tashkeelSingle (file:///home/z/my-project/scripts/ph3_engine.mjs:295:23)
    at async main (file:///home/z/my-project/scripts/ph3_engine.mjs:389:41)
    [429] waiting 12s before retry 4/5
Failed to make API request: Error: API request failed with status 429: {"error":"Too many requests, please try again later"}
    at ZAI.createChatCompletion (file:///home/z/.bun/install/global/node_modules/z-ai-web-dev-sdk/dist/index.js:103:23)
    at process.processTicksAndRejections (node:internal/process/task_queues:104:5)
    at async callLLM (file:///home/z/my-project/scripts/ph3_engine.mjs:231:26)
    at async tashkeelSingle (file:///home/z/my-project/scripts/ph3_engine.mjs:295:23)
    at async main (file:///home/z/my-project/scripts/ph3_engine.mjs:389:41)
    [429] waiting 24s before retry 5/5
Failed to make API request: Error: API request failed with status 429: {"error":"Too many requests, please try again later"}
    at ZAI.createChatCompletion (file:///home/z/.bun/install/global/node_modules/z-ai-web-dev-sdk/dist/index.js:103:23)
    at process.processTicksAndRejections (node:internal/process/task_queues:104:5)
    at async callLLM (file:///home/z/my-project/scripts/ph3_engine.mjs:231:26)
    at async tashkeelSingle (file:///home/z/my-project/scripts/ph3_engine.mjs:295:23)
    at async main (file:///home/z/my-project/scripts/ph3_engine.mjs:389:41)
  0_07181_00: failed (attempts=4, fixes={"letter_restore":2})
Failed to make API request: Error: API request failed with status 429: {"error":"Too many requests, please try again later"}
    at ZAI.createChatCompletion (file:///home/z/.bun/install/global/node_modules/z-ai-web-dev-sdk/dist/index.js:103:23)
    at process.processTicksAndRejections (node:internal/process/task_queues:104:5)
    at async callLLM (file:///home/z/my-project/scripts/ph3_engine.mjs:231:26)
    at async tashkeelSingle (file:///home/z/my-project/scripts/ph3_engine.mjs:295:23)
    at async main (file:///home/z/my-project/scripts/ph3_engine.mjs:389:41)
    [429] waiting 3s before retry 2/5
Failed to make API request: Error: API request failed with status 429: {"error":"Too many requests, please try again later"}
    at ZAI.createChatCompletion (file:///home/z/.bun/install/global/node_modules/z-ai-web-dev-sdk/dist/index.js:103:23)
    at process.processTicksAndRejections (node:internal/process/task_queues:104:5)
    at async callLLM (file:///home/z/my-project/scripts/ph3_engine.mjs:231:26)
    at async tashkeelSingle (file:///home/z/my-project/scripts/ph3_engine.mjs:295:23)
    at async main (file:///home/z/my-project/scripts/ph3_engine.mjs:389:41)
    [429] waiting 6s before retry 3/5
Failed to make API request: Error: API request failed with status 429: {"error":"Too many requests, please try again later"}
    at ZAI.createChatCompletion (file:///home/z/.bun/install/global/node_modules/z-ai-web-dev-sdk/dist/index.js:103:23)
    at process.processTicksAndRejections (node:internal/process/task_queues:104:5)
    at async callLLM (file:///home/z/my-project/scripts/ph3_engine.mjs:231:26)
    at async tashkeelSingle (file:///home/z/my-project/scripts/ph3_engine.mjs:295:23)
    at async main (file:///home/z/my-project/scripts/ph3_engine.mjs:389:41)
    [429] waiting 12s before retry 4/5
Failed to make API request: Error: API request failed with status 429: {"error":"Too many requests, please try again later"}
    at ZAI.createChatCompletion (file:///home/z/.bun/install/global/node_modules/z-ai-web-dev-sdk/dist/index.js:103:23)
    at process.processTicksAndRejections (node:internal/process/task_queues:104:5)
    at async callLLM (file:///home/z/my-project/scripts/ph3_engine.mjs:231:26)
    at async tashkeelSingle (file:///home/z/my-project/scripts/ph3_engine.mjs:295:23)
    at async main (file:///home/z/my-project/scripts/ph3_engine.mjs:389:41)
    [429] waiting 24s before retry 5/5
Failed to make API request: Error: API request failed with status 429: {"error":"Too many requests, please try again later"}
    at ZAI.createChatCompletion (file:///home/z/.bun/install/global/node_modules/z-ai-web-dev-sdk/dist/index.js:103:23)
    at process.processTicksAndRejections (node:internal/process/task_queues:104:5)
    at async callLLM (file:///home/z/my-project/scripts/ph3_engine.mjs:231:26)
    at async tashkeelSingle (file:///home/z/my-project/scripts/ph3_engine.mjs:295:23)
    at async main (file:///home/z/my-project/scripts/ph3_engine.mjs:389:41)
Failed to make API request: Error: API request failed with status 429: {"error":"Too many requests, please try again later"}
    at ZAI.createChatCompletion (file:///home/z/.bun/install/global/node_modules/z-ai-web-dev-sdk/dist/index.js:103:23)
    at process.processTicksAndRejections (node:internal/process/task_queues:104:5)
    at async callLLM (file:///home/z/my-project/scripts/ph3_engine.mjs:231:26)
    at async tashkeelSingle (file:///home/z/my-project/scripts/ph3_engine.mjs:295:23)
    at async main (file:///home/z/my-project/scripts/ph3_engine.mjs:389:41)
    [429] waiting 3s before retry 2/5
Failed to make API request: Error: API request failed with status 429: {"error":"Too many requests, please try again later"}
    at ZAI.createChatCompletion (file:///home/z/.bun/install/global/node_modules/z-ai-web-dev-sdk/dist/index.js:103:23)
    at process.processTicksAndRejections (node:internal/process/task_queues:104:5)
    at async callLLM (file:///home/z/my-project/scripts/ph3_engine.mjs:231:26)
    at async tashkeelSingle (file:///home/z/my-project/scripts/ph3_engine.mjs:295:23)
    at async main (file:///home/z/my-project/scripts/ph3_engine.mjs:389:41)
    [429] waiting 6s before retry 3/5
Failed to make API request: Error: API request failed with status 429: {"error":"Too many requests, please try again later"}
    at ZAI.createChatCompletion (file:///home/z/.bun/install/global/node_modules/z-ai-web-dev-sdk/dist/index.js:103:23)
    at process.processTicksAndRejections (node:internal/process/task_queues:104:5)
    at async callLLM (file:///home/z/my-project/scripts/ph3_engine.mjs:231:26)
    at async tashkeelSingle (file:///home/z/my-project/scripts/ph3_engine.mjs:295:23)
    at async main (file:///home/z/my-project/scripts/ph3_engine.mjs:389:41)
    [429] waiting 12s before retry 4/5
